C:\Projects\weave\out\weave2\Release\weave2_concurrent.exe: error: unrecognized command-line flag: -
C:\Projects\weave\out\weave2\Release\weave2_concurrent.exe: error: unrecognized command-line flag: -
C:\Projects\weave\out\weave2\Release\weave2_concurrent.exe: error: unrecognized command-line flag: w
C:\Projects\weave\out\weave2\Release\weave2_concurrent.exe: error: unrecognized command-line flag: e
C:\Projects\weave\out\weave2\Release\weave2_concurrent.exe: error: unrecognized command-line flag: a
C:\Projects\weave\out\weave2\Release\weave2_concurrent.exe: error: unrecognized command-line flag: v
C:\Projects\weave\out\weave2\Release\weave2_concurrent.exe: error: unrecognized command-line flag: e
C:\Projects\weave\out\weave2\Release\weave2_concurrent.exe: error: unrecognized command-line flag: 2
C:\Projects\weave\out\weave2\Release\weave2_concurrent.exe: error: unrecognized command-line flag: _
C:\Projects\weave\out\weave2\Release\weave2_concurrent.exe: error: unrecognized command-line flag: i
C:\Projects\weave\out\weave2\Release\weave2_concurrent.exe: error: unrecognized command-line flag: s
C:\Projects\weave\out\weave2\Release\weave2_concurrent.exe: error: unrecognized command-line flag: o
C:\Projects\weave\out\weave2\Release\weave2_concurrent.exe: error: unrecognized command-line flag: l
C:\Projects\weave\out\weave2\Release\weave2_concurrent.exe: error: unrecognized command-line flag: a
C:\Projects\weave\out\weave2\Release\weave2_concurrent.exe: error: unrecognized command-line flag: t
C:\Projects\weave\out\weave2\Release\weave2_concurrent.exe: error: unrecognized command-line flag: e
C:\Projects\weave\out\weave2\Release\weave2_concurrent.exe: error: unrecognized command-line flag: _
C:\Projects\weave\out\weave2\Release\weave2_concurrent.exe: error: unrecognized command-line flag: c
C:\Projects\weave\out\weave2\Release\weave2_concurrent.exe: error: unrecognized command-line flag: p
C:\Projects\weave\out\weave2\Release\weave2_concurrent.exe: error: unrecognized command-line flag: u
C:\Projects\weave\out\weave2\Release\weave2_concurrent.exe: error: unrecognized command-line flag: s
Benchmark failed: comparison
At C:\Projects\weave\weave2\bench-concurrent.ps1:70 char:26
+     if ($LASTEXITCODE) { throw "Benchmark failed: $run" }
+                          ~~~~~~~~~~~~~~~~~~~~~~~~~~~~~~
    + CategoryInfo          : OperationStopped: (Benchmark failed: comparison:String) [], RuntimeException
    + FullyQualifiedErrorId : Benchmark failed: comparison
 
